  Determining projects to restore...
C:\Users\kk\Code\llm-token-widget\src\LlmTokenWidget.App\LlmTokenWidget.App.csproj : warning NU1603: LlmTokenWidget.App depends on Microsoft.WindowsAppSDK (>= 1.6.250124000) but Microsoft.WindowsAppSDK 1.6.250124000 was not found. Microsoft.WindowsAppSDK 1.6.250205002 was resolved instead.
  All projects are up-to-date for restore.
C:\Program Files\dotnet\sdk\10.0.200-preview.0.26103.119\Sdks\Microsoft.NET.Sdk\targets\Microsoft.NET.RuntimeIdentifierInference.targets(383,5): message NETSDK1057: You are using a preview version of .NET. See: https://aka.ms/dotnet-support-policy [C:\Users\kk\Code\llm-token-widget\src\LlmTokenWidget.App\LlmTokenWidget.App.csproj]
C:\Users\kk\Code\llm-token-widget\src\LlmTokenWidget.App\LlmTokenWidget.App.csproj : warning NU1603: LlmTokenWidget.App depends on Microsoft.WindowsAppSDK (>= 1.6.250124000) but Microsoft.WindowsAppSDK 1.6.250124000 was not found. Microsoft.WindowsAppSDK 1.6.250205002 was resolved instead.
C:\Program Files\dotnet\sdk\10.0.200-preview.0.26103.119\Sdks\Microsoft.NET.Sdk\targets\Microsoft.NET.RuntimeIdentifierInference.targets(383,5): message NETSDK1057: You are using a preview version of .NET. See: https://aka.ms/dotnet-support-policy [C:\Users\kk\Code\llm-token-widget\src\LlmTokenWidget.Providers\LlmTokenWidget.Providers.csproj]
  LlmTokenWidget.Core -> C:\Users\kk\Code\llm-token-widget\src\LlmTokenWidget.Core\bin\Debug\net8.0-windows10.0.26100\LlmTokenWidget.Core.dll
C:\Users\kk\Code\llm-token-widget\src\LlmTokenWidget.Providers\ClaudeCode\PlanDetector.cs(27,12): error CS0246: The type or namespace name 'DetectedPlan' could not be found (are you missing a using directive or an assembly reference?) [C:\Users\kk\Code\llm-token-widget\src\LlmTokenWidget.Providers\LlmTokenWidget.Providers.csproj]
C:\Users\kk\Code\llm-token-widget\src\LlmTokenWidget.Providers\ClaudeCode\ClaudeCodeLocalProvider.cs(32,12): error CS0246: The type or namespace name 'DetectedPlan' could not be found (are you missing a using directive or an assembly reference?) [C:\Users\kk\Code\llm-token-widget\src\LlmTokenWidget.Providers\LlmTokenWidget.Providers.csproj]
C:\Users\kk\Code\llm-token-widget\src\LlmTokenWidget.Providers\ClaudeCode\PlanDetector.cs(58,21): error CS0246: The type or namespace name 'PlanTier' could not be found (are you missing a using directive or an assembly reference?) [C:\Users\kk\Code\llm-token-widget\src\LlmTokenWidget.Providers\LlmTokenWidget.Providers.csproj]
C:\Users\kk\Code\llm-token-widget\src\LlmTokenWidget.Providers\ClaudeCode\ClaudeCodeLocalProvider.cs(14,22): error CS0246: The type or namespace name 'DetectedPlan' could not be found (are you missing a using directive or an assembly reference?) [C:\Users\kk\Code\llm-token-widget\src\LlmTokenWidget.Providers\LlmTokenWidget.Providers.csproj]

Build FAILED.

C:\Users\kk\Code\llm-token-widget\src\LlmTokenWidget.App\LlmTokenWidget.App.csproj : warning NU1603: LlmTokenWidget.App depends on Microsoft.WindowsAppSDK (>= 1.6.250124000) but Microsoft.WindowsAppSDK 1.6.250124000 was not found. Microsoft.WindowsAppSDK 1.6.250205002 was resolved instead.
C:\Users\kk\Code\llm-token-widget\src\LlmTokenWidget.App\LlmTokenWidget.App.csproj : warning NU1603: LlmTokenWidget.App depends on Microsoft.WindowsAppSDK (>= 1.6.250124000) but Microsoft.WindowsAppSDK 1.6.250124000 was not found. Microsoft.WindowsAppSDK 1.6.250205002 was resolved instead.
C:\Users\kk\Code\llm-token-widget\src\LlmTokenWidget.Providers\ClaudeCode\PlanDetector.cs(27,12): error CS0246: The type or namespace name 'DetectedPlan' could not be found (are you missing a using directive or an assembly reference?) [C:\Users\kk\Code\llm-token-widget\src\LlmTokenWidget.Providers\LlmTokenWidget.Providers.csproj]
C:\Users\kk\Code\llm-token-widget\src\LlmTokenWidget.Providers\ClaudeCode\ClaudeCodeLocalProvider.cs(32,12): error CS0246: The type or namespace name 'DetectedPlan' could not be found (are you missing a using directive or an assembly reference?) [C:\Users\kk\Code\llm-token-widget\src\LlmTokenWidget.Providers\LlmTokenWidget.Providers.csproj]
C:\Users\kk\Code\llm-token-widget\src\LlmTokenWidget.Providers\ClaudeCode\PlanDetector.cs(58,21): error CS0246: The type or namespace name 'PlanTier' could not be found (are you missing a using directive or an assembly reference?) [C:\Users\kk\Code\llm-token-widget\src\LlmTokenWidget.Providers\LlmTokenWidget.Providers.csproj]
C:\Users\kk\Code\llm-token-widget\src\LlmTokenWidget.Providers\ClaudeCode\ClaudeCodeLocalProvider.cs(14,22): error CS0246: The type or namespace name 'DetectedPlan' could not be found (are you missing a using directive or an assembly reference?) [C:\Users\kk\Code\llm-token-widget\src\LlmTokenWidget.Providers\LlmTokenWidget.Providers.csproj]
    2 Warning(s)
    4 Error(s)

Time Elapsed 00:00:03.36
